// Jest Snapshot v1, https://goo.gl/fbAQLP

exports[`Calculator should render correcty 1`] = `ShallowWrapper {}`;
